Microchip MPLAB XC8 Compiler V2.45

Linker command line:

-W-3 \
  --edf=C:\Program Files\Microchip\xc8\v2.45\pic\dat\20230818022343_en.msgs \
  -cn -h+dist/default/production\Lab09.X.production.sym \
  --cmf=dist/default/production\Lab09.X.production.cmf -z -Q18F46K42 \
  -oC:\Users\jerem\AppData\Local\Temp\xcBsdk4.1\driver_tmp_3.o \
  --defsym=__MPLAB_BUILD=1 --fixupoverflow=error \
  -Mdist/default/production/Lab09.X.production.map \
  --md=C:\Users\jerem\AppData\Local\Temp\xcBsdk4.1\driver_tmp_0.dat -E1 \
  -ver=XC8 Compiler --acfsm=1493 -ACODE=00h-0FFFFh -ACONST=00h-0FFFFh \
  -ASMALLCONST=01000h-010FFhx240 -AMEDIUMCONST=01000h-0FFFFh \
  -ACOMRAM=01h-05Fh -AABS1=00h-0FFFh -ABIGRAM=01h-0FFFh \
  -ARAM=060h-0FFh,0100h-01FFhx15 -ABANK0=060h-0FFh -ABANK1=0100h-01FFh \
  -ABANK2=0200h-02FFh -ABANK3=0300h-03FFh -ABANK4=0400h-04FFh \
  -ABANK5=0500h-05FFh -ABANK6=0600h-06FFh -ABANK7=0700h-07FFh \
  -ABANK8=0800h-08FFh -ABANK9=0900h-09FFh -ABANK10=0A00h-0AFFh \
  -ABANK11=0B00h-0BFFh -ABANK12=0C00h-0CFFh -ABANK13=0D00h-0DFFh \
  -ABANK14=0E00h-0EFFh -ABANK15=0F00h-0FFFh \
  -ASFR=03800h-038FFhx7,03F00h-03F5Fh,03F60h-03FFFh -ABIGSFR=03800h-03FFFh \
  -ACONFIG=0300000h-0300009h -AIDLOC=0200000h-020000Fh \
  -AEEDATA=0310000h-03103FFh -peeprom_data=EEDATA -preset_vec=00h \
  -ppowerup=CODE,init -pramtop=01000h -psmallconst=SMALLCONST \
  -pmediumconst=MEDIUMCONST -pconst=CONST -AFARRAM=00h-00h \
  -prdata=COMRAM,nvrram=COMRAM,nvbit=COMRAM,rbss=COMRAM,rbit=COMRAM \
  -pfarbss=FARRAM,fardata=FARRAM,nvFARRAM=FARRAM \
  -pintsave_regs=BIGRAM,bigbss=BIGRAM,bigdata=BIGRAM -pbss=RAM \
  -pidata=CODE,irdata=CODE,ibigdata=CODE,ifardata=CODE -prparam=COMRAM \
  C:\Users\jerem\AppData\Local\Temp\xcBsdk4.1\driver_tmp_14.o \
  dist/default/production\Lab09.X.production.o 

Object code version is 3.11

Machine type is 18F46K42



                Name                               Link     Load   Length Selector   Space Scale
C:\Users\jerem\AppData\Local\Temp\xcBsdk4.1\driver_tmp_14.o
                config                           300000   300000        A        0       4
                init                               FFFC     FFFC        4     7FFE       0
                reset_vec                             0        0        4        0       0
dist/default/production\Lab09.X.production.o
                config                           300000   300000        A        0       4
                mediumconst                        FB14     FB14      4E8     7D8A       0
                text61                             DB1A     DB1A        2     6D8D       0
                text60                             DB1C     DB1C        2     6D8E       0
                text59                             DB1E     DB1E        2     6D8F       0
                text58                             E3F0     E3F0       96     71F8       0
                text57                             DC08     DC08       1A     6E04       0
                text56                             DB98     DB98       16     6DCC       0
                text55                             DCDA     DCDA       2C     6E6D       0
                text54                             DE54     DE54       5C     6F2A       0
                text53                             E096     E096       6C     704B       0
                text52                             E710     E710       B6     7388       0
                text51                             DC3C     DC3C       1C     6E1E       0
                text50                             DDB0     DDB0       52     6ED8       0
                text49                             E5C0     E5C0       A0     72E0       0
                text48                             DBAE     DBAE       16     6DD7       0
                text47                             DC94     DC94       22     6E4A       0
                text46                             DB28     DB28        4     6D94       0
                text45                             DB2C     DB2C        4     6D96       0
                text44                             DB7E     DB7E        C     6DBF       0
                text43                             E886     E886       C4     7443       0
                text42                             E660     E660       B0     7330       0
                text41                             E1DE     E1DE       74     70EF       0
                text40                             DFCA     DFCA       64     6FE5       0
                text39                             DD32     DD32       34     6E99       0
                text38                             DC22     DC22       1A     6E11       0
                text37                             DB38     DB38        A     6D9C       0
                text36                             E7C6     E7C6       C0     73E3       0
                text35                             EC98     EC98      366     764C       0
                text34                             DEB0     DEB0       5C     6F58       0
                text33                             DD66     DD66       4A     6EB3       0
                text32                             EB38     EB38      160     759C       0
                text31                             DC58     DC58       1E     6E2C       0
                text30                             EA16     EA16      122     750B       0
                text29                             DB20     DB20        2     6D90       0
                text28                             DB22     DB22        2     6D91       0
                text27                             DB24     DB24        2     6D92       0
                text26                             E486     E486       9C     7243       0
                text25                             DBC4     DBC4       16     6DE2       0
                text24                             DD06     DD06       2C     6E83       0
                text23                             E364     E364       8C     71B2       0
                text22                             E2DA     E2DA       8A     716D       0
                text21                             DE02     DE02       52     6F01       0
                text20                             E102     E102       6E     7081       0
                text19                             DF68     DF68       62     6FB4       0
                text18                             DB26     DB26        2     6D93       0
                text17                             E170     E170       6E     70B8       0
                text16                             DBF0     DBF0       18     6DF8       0
                text15                             E94A     E94A       CC     74A5       0
                text14                             DCB6     DCB6       24     6E5B       0
                text13                             DB8A     DB8A        E     6DC5       0
                text12                             E252     E252       88     7129       0
                text11                             DB30     DB30        8     6D98       0
                text10                             DBDA     DBDA       16     6DED       0
                text9                              E522     E522       9E     7291       0
                text8                              DB42     DB42        A     6DA1       0
                text7                              DB4C     DB4C        A     6DA6       0
                text6                              DB56     DB56        A     6DAB       0
                text5                              E02E     E02E       68     7017       0
                text4                              DB60     DB60        A     6DB0       0
                text3                              DB6A     DB6A        A     6DB5       0
                text2                              DB74     DB74        A     6DBA       0
                text1                              DF0C     DF0C       5C     6F86       0
                text0                              EFFE     EFFE      B16     77FF       0
                cstackCOMRAM                          1        1       50        1       1
                cstackBANK0                          8A       8A       18       60       1
                bssBANK0                             60       60       2A       60       1
                bssCOMRAM                            51       51        9        1       1
                cinit                              DC76     DC76       1E     6E3B       0
                nvBANK0                              A2       A2        6       60       1
                nvCOMRAM                             5A       5A        6        1       1

TOTAL           Name                               Link     Load   Length     Space
        CLASS   CODE           
                init                               FFFC     FFFC        4         0
                reset_vec                             0        0        4         0
                text61                             DB1A     DB1A        2         0
                text60                             DB1C     DB1C        2         0
                text59                             DB1E     DB1E        2         0
                text58                             E3F0     E3F0       96         0
                text57                             DC08     DC08       1A         0
                text56                             DB98     DB98       16         0
                text55                             DCDA     DCDA       2C         0
                text54                             DE54     DE54       5C         0
                text53                             E096     E096       6C         0
                text52                             E710     E710       B6         0
                text51                             DC3C     DC3C       1C         0
                text50                             DDB0     DDB0       52         0
                text49                             E5C0     E5C0       A0         0
                text48                             DBAE     DBAE       16         0
                text47                             DC94     DC94       22         0
                text46                             DB28     DB28        4         0
                text45                             DB2C     DB2C        4         0
                text44                             DB7E     DB7E        C         0
                text43                             E886     E886       C4         0
                text42                             E660     E660       B0         0
                text41                             E1DE     E1DE       74         0
                text40                             DFCA     DFCA       64         0
                text39                             DD32     DD32       34         0
                text38                             DC22     DC22       1A         0
                text37                             DB38     DB38        A         0
                text36                             E7C6     E7C6       C0         0
                text35                             EC98     EC98      366         0
                text34                             DEB0     DEB0       5C         0
                text33                             DD66     DD66       4A         0
                text32                             EB38     EB38      160         0
                text31                             DC58     DC58       1E         0
                text30                             EA16     EA16      122         0
                text29                             DB20     DB20        2         0
                text28                             DB22     DB22        2         0
                text27                             DB24     DB24        2         0
                text26                             E486     E486       9C         0
                text25                             DBC4     DBC4       16         0
                text24                             DD06     DD06       2C         0
                text23                             E364     E364       8C         0
                text22                             E2DA     E2DA       8A         0
                text21                             DE02     DE02       52         0
                text20                             E102     E102       6E         0
                text19                             DF68     DF68       62         0
                text18                             DB26     DB26        2         0
                text17                             E170     E170       6E         0
                text16                             DBF0     DBF0       18         0
                text15                             E94A     E94A       CC         0
                text14                             DCB6     DCB6       24         0
                text13                             DB8A     DB8A        E         0
                text12                             E252     E252       88         0
                text11                             DB30     DB30        8         0
                text10                             DBDA     DBDA       16         0
                text9                              E522     E522       9E         0
                text8                              DB42     DB42        A         0
                text7                              DB4C     DB4C        A         0
                text6                              DB56     DB56        A         0
                text5                              E02E     E02E       68         0
                text4                              DB60     DB60        A         0
                text3                              DB6A     DB6A        A         0
                text2                              DB74     DB74        A         0
                text1                              DF0C     DF0C       5C         0
                text0                              EFFE     EFFE      B16         0
                cinit                              DC76     DC76       1E         0

        CLASS   CONST          

        CLASS   SMALLCONST     

        CLASS   MEDIUMCONST    
                mediumconst                        FB14     FB14      4E8         0

        CLASS   COMRAM         
                cstackCOMRAM                          1        1       50         1
                bssCOMRAM                            51       51        9         1
                nvCOMRAM                             5A       5A        6         1

        CLASS   ABS1           

        CLASS   BIGRAM         

        CLASS   RAM            

        CLASS   BANK0          
                cstackBANK0                          8A       8A       18         1
                bssBANK0                             60       60       2A         1
                nvBANK0                              A2       A2        6         1

        CLASS   BANK1          

        CLASS   BANK2          

        CLASS   BANK3          

        CLASS   BANK4          

        CLASS   BANK5          

        CLASS   BANK6          

        CLASS   BANK7          

        CLASS   BANK8          

        CLASS   BANK9          

        CLASS   BANK10         

        CLASS   BANK11         

        CLASS   BANK12         

        CLASS   BANK13         

        CLASS   BANK14         

        CLASS   BANK15         

        CLASS   SFR            

        CLASS   BIGSFR         

        CLASS   CONFIG         
                config                           300000   300000        A         4

        CLASS   IDLOC          

        CLASS   EEDATA         

        CLASS   FARRAM         

        CLASS   HEAP           

        CLASS   STACK          



SEGMENTS        Name                           Load    Length   Top    Selector   Space  Class

                reset_vec                      000000  000004  000004         0       0  CODE    
                cstackCOMRAM                   000001  00005F  000060         1       1  COMRAM  
                bssBANK0                       000060  000048  0000A8        60       1  BANK0   
                text61                         00DB1A  000002  00DB1C      6D8D       0  CODE    
                text60                         00DB1C  000002  00DB1E      6D8E       0  CODE    
                text59                         00DB1E  000002  00DB20      6D8F       0  CODE    
                text29                         00DB20  000002  00DB22      6D90       0  CODE    
                text28                         00DB22  000002  00DB24      6D91       0  CODE    
                text27                         00DB24  000002  00DB26      6D92       0  CODE    
                text18                         00DB26  000002  00DB28      6D93       0  CODE    
                text46                         00DB28  000004  00DB2C      6D94       0  CODE    
                text45                         00DB2C  000004  00DB30      6D96       0  CODE    
                text11                         00DB30  000008  00DB38      6D98       0  CODE    
                text37                         00DB38  00000A  00DB42      6D9C       0  CODE    
                text8                          00DB42  00000A  00DB4C      6DA1       0  CODE    
                text7                          00DB4C  00000A  00DB56      6DA6       0  CODE    
                text6                          00DB56  00000A  00DB60      6DAB       0  CODE    
                text4                          00DB60  00000A  00DB6A      6DB0       0  CODE    
                text3                          00DB6A  00000A  00DB74      6DB5       0  CODE    
                text2                          00DB74  00000A  00DB7E      6DBA       0  CODE    
                text44                         00DB7E  00000C  00DB8A      6DBF       0  CODE    
                text13                         00DB8A  00000E  00DB98      6DC5       0  CODE    
                text56                         00DB98  000016  00DBAE      6DCC       0  CODE    
                text48                         00DBAE  000016  00DBC4      6DD7       0  CODE    
                text25                         00DBC4  000016  00DBDA      6DE2       0  CODE    
                text10                         00DBDA  000016  00DBF0      6DED       0  CODE    
                text16                         00DBF0  000018  00DC08      6DF8       0  CODE    
                text57                         00DC08  00001A  00DC22      6E04       0  CODE    
                text38                         00DC22  00001A  00DC3C      6E11       0  CODE    
                text51                         00DC3C  00001C  00DC58      6E1E       0  CODE    
                text31                         00DC58  00001E  00DC76      6E2C       0  CODE    
                cinit                          00DC76  00001E  00DC94      6E3B       0  CODE    
                text47                         00DC94  000022  00DCB6      6E4A       0  CODE    
                text14                         00DCB6  000024  00DCDA      6E5B       0  CODE    
                text55                         00DCDA  00002C  00DD06      6E6D       0  CODE    
                text24                         00DD06  00002C  00DD32      6E83       0  CODE    
                text39                         00DD32  000034  00DD66      6E99       0  CODE    
                text33                         00DD66  00004A  00DDB0      6EB3       0  CODE    
                text50                         00DDB0  000052  00DE02      6ED8       0  CODE    
                text21                         00DE02  000052  00DE54      6F01       0  CODE    
                text54                         00DE54  00005C  00DEB0      6F2A       0  CODE    
                text34                         00DEB0  00005C  00DF0C      6F58       0  CODE    
                text1                          00DF0C  00005C  00DF68      6F86       0  CODE    
                text19                         00DF68  000062  00DFCA      6FB4       0  CODE    
                text40                         00DFCA  000064  00E02E      6FE5       0  CODE    
                text5                          00E02E  000068  00E096      7017       0  CODE    
                text53                         00E096  00006C  00E102      704B       0  CODE    
                text20                         00E102  00006E  00E170      7081       0  CODE    
                text17                         00E170  00006E  00E1DE      70B8       0  CODE    
                text41                         00E1DE  000074  00E252      70EF       0  CODE    
                text12                         00E252  000088  00E2DA      7129       0  CODE    
                text22                         00E2DA  00008A  00E364      716D       0  CODE    
                text23                         00E364  00008C  00E3F0      71B2       0  CODE    
                text58                         00E3F0  000096  00E486      71F8       0  CODE    
                text26                         00E486  00009C  00E522      7243       0  CODE    
                text9                          00E522  00009E  00E5C0      7291       0  CODE    
                text49                         00E5C0  0000A0  00E660      72E0       0  CODE    
                text42                         00E660  0000B0  00E710      7330       0  CODE    
                text52                         00E710  0000B6  00E7C6      7388       0  CODE    
                text36                         00E7C6  0000C0  00E886      73E3       0  CODE    
                text43                         00E886  0000C4  00E94A      7443       0  CODE    
                text15                         00E94A  0000CC  00EA16      74A5       0  CODE    
                text30                         00EA16  000122  00EB38      750B       0  CODE    
                text32                         00EB38  000160  00EC98      759C       0  CODE    
                text35                         00EC98  000366  00EFFE      764C       0  CODE    
                text0                          00EFFE  000B16  00FB14      77FF       0  CODE    
                mediumconst                    00FB14  0004E8  00FFFC      7D8A       0  MEDIUMCO
                init                           00FFFC  000004  010000      7FFE       0  CODE    


UNUSED ADDRESS RANGES

        Name                Unused          Largest block    Delta
        BANK0            0000A8-0000FF               58
        BANK1            000100-0001FF              100
        BANK10           000A00-000AFF              100
        BANK11           000B00-000BFF              100
        BANK12           000C00-000CFF              100
        BANK13           000D00-000DFF              100
        BANK14           000E00-000EFF              100
        BANK15           000F00-000FFF              100
        BANK2            000200-0002FF              100
        BANK3            000300-0003FF              100
        BANK4            000400-0004FF              100
        BANK5            000500-0005FF              100
        BANK6            000600-0006FF              100
        BANK7            000700-0007FF              100
        BANK8            000800-0008FF              100
        BANK9            000900-0009FF              100
        BIGRAM           0000A8-000FFF              F58
        BIGSFR           003800-003FFF              800
        CODE             000004-00DB19             DB16
        CONST            000004-00DB19             DB16
        EEDATA           310000-3103FF              400
        IDLOC            200000-20000F               10
        MEDIUMCONST      001000-00DB19             CB1A
        RAM              0000A8-000FFF              100
        SFR              003800-003FFF              100
        SMALLCONST       001000-00DB19              100

                                  Symbol Table

?_Read_Battery_Voltage                        cstackCOMRAM 000002
?_TMR0_Read16BitTimer                         cstackCOMRAM 000001
?___awdiv                                     cstackCOMRAM 000001
?___awmod                                     cstackCOMRAM 000001
?___lwdiv                                     cstackCOMRAM 000001
?___lwmod                                     cstackCOMRAM 000001
?_abs                                         cstackCOMRAM 000007
?_printf                                      cstackCOMRAM 000023
?_sprintf                                     cstackCOMRAM 000023
?_vfpfcnvrt                                   cstackCOMRAM 00000C
?_vfprintf                                    cstackCOMRAM 00001C
Backward@speed                                cstackCOMRAM 000002
Calibrate_Sensors@i                           cstackCOMRAM 000012
Calibrate_Sensors@lbyte                       cstackCOMRAM 000008
Calibrate_Sensors@ubyte                       cstackCOMRAM 00000D
Calibrate_Sensors@values                      bssBANK0     000080
Countdown@counts                              cstackCOMRAM 000044
Countdown@i                                   cstackCOMRAM 000048
Countdown@length                              cstackCOMRAM 000047
Countdown@msg                                 cstackCOMRAM 00003B
Countdown@time                                cstackCOMRAM 000046
Forward@speed                                 cstackCOMRAM 000002
Get_Key@rxdata                                cstackCOMRAM 000002
Get_Number@digit                              cstackCOMRAM 00002B
Get_Number@value                              cstackCOMRAM 00002A
LCD_Position@x                                cstackCOMRAM 000003
LCD_Position@y                                cstackCOMRAM 000002
LCD_Print@i                                   cstackCOMRAM 000007
LCD_Print@length                              cstackCOMRAM 000004
LCD_Print@str                                 cstackCOMRAM 000002
LCD_PrintCharacter@byte                       cstackCOMRAM 000002
Left_Turn@differential                        cstackCOMRAM 000002
Left_Turn@speed                               cstackCOMRAM 000003
Read_Battery_Voltage@lbyte                    cstackCOMRAM 000006
Read_Battery_Voltage@ubyte                    cstackCOMRAM 000007
Right_Turn@differential                       cstackCOMRAM 000002
Right_Turn@speed                              cstackCOMRAM 000003
TMR0_Initialize@TMR0control_0                 cstackCOMRAM 000002
TMR0_Initialize@TMR0control_1                 cstackCOMRAM 000001
TMR0_Read16BitTimer@readVal                   cstackCOMRAM 000005
TMR0_Read16BitTimer@readValHigh               cstackCOMRAM 000008
TMR0_Read16BitTimer@readValLow                cstackCOMRAM 000007
TMR0_Write16BitTimer@timerVal                 cstackCOMRAM 000001
UART1_SetErrorHandler@interruptHandler        cstackCOMRAM 000001
UART1_SetFramingErrorHandler@interruptHandler cstackCOMRAM 000001
UART1_SetOverrunErrorHandler@interruptHandler cstackCOMRAM 000001
UART1_Write@txData                            cstackCOMRAM 000001
UART2_SetErrorHandler@interruptHandler        cstackCOMRAM 000001
UART2_SetFramingErrorHandler@interruptHandler cstackCOMRAM 000001
UART2_SetOverrunErrorHandler@interruptHandler cstackCOMRAM 000001
UART2_Write@txData                            cstackCOMRAM 000001
_ADACTPPS                                     (abs)        003ADD
_ANSELA                                       (abs)        003A40
_ANSELB                                       (abs)        003A50
_ANSELBbits                                   (abs)        003A50
_ANSELC                                       (abs)        003A60
_ANSELD                                       (abs)        003A70
_ANSELE                                       (abs)        003A80
_Auto_Calibrate                               text54       00DE54
_Backward                                     text53       00E096
_CCPTMRS1bits                                 (abs)        003F5F
_Calibrate_Sensors                            text52       00E710
_Countdown                                    text32       00EB38
_Diagnostic_Menu                              text30       00EA16
_Forward                                      text12       00E252
_Get_Key                                      text23       00E364
_Get_Number                                   text22       00E2DA
_I2C1SCLPPS                                   (abs)        003AE1
_I2C1SDAPPS                                   (abs)        003AE2
_INLVLA                                       (abs)        003A44
_INLVLB                                       (abs)        003A54
_INLVLC                                       (abs)        003A64
_INLVLD                                       (abs)        003A74
_INLVLE                                       (abs)        003A84
_LATA                                         (abs)        003FBA
_LATB                                         (abs)        003FBB
_LATC                                         (abs)        003FBC
_LATD                                         (abs)        003FBD
_LATE                                         (abs)        003FBE
_LCD_Clear                                    text51       00DC3C
_LCD_Position                                 text50       00DDB0
_LCD_Print                                    text49       00E5C0
_LCD_PrintCharacter                           text21       00DE02
_Left_Turn                                    text20       00E102
_ODCONA                                       (abs)        003A42
_ODCONB                                       (abs)        003A52
_ODCONC                                       (abs)        003A62
_ODCOND                                       (abs)        003A72
_ODCONE                                       (abs)        003A82
_OSCCON1                                      (abs)        0039D9
_OSCCON3                                      (abs)        0039DB
_OSCEN                                        (abs)        0039DD
_OSCFRQ                                       (abs)        0039DF
_OSCILLATOR_Initialize                        text16       00DBF0
_OSCTUNE                                      (abs)        0039DE
_PIN_MANAGER_Initialize                       text15       00E94A
_PIR3bits                                     (abs)        0039A3
_PIR4bits                                     (abs)        0039A4
_PIR6bits                                     (abs)        0039A6
_PMD0                                         (abs)        0039C0
_PMD1                                         (abs)        0039C1
_PMD2                                         (abs)        0039C2
_PMD3                                         (abs)        0039C3
_PMD4                                         (abs)        0039C4
_PMD5                                         (abs)        0039C5
_PMD6                                         (abs)        0039C6
_PMD7                                         (abs)        0039C7
_PMD_Initialize                               text14       00DCB6
_PORTBbits                                    (abs)        003FCB
_PR2                                          (abs)        003FAB
_PWM7CON                                      (abs)        003F66
_PWM7DCH                                      (abs)        003F65
_PWM7DCL                                      (abs)        003F64
_RB1I2C                                       (abs)        003A5A
_RB2I2C                                       (abs)        003A5B
_RB6PPS                                       (abs)        003A0E
_RC0PPS                                       (abs)        003A10
_RC1PPS                                       (abs)        003A11
_RC3I2C                                       (abs)        003A6A
_RC3PPS                                       (abs)        003A13
_RC4I2C                                       (abs)        003A6B
_RC4PPS                                       (abs)        003A14
_RC5PPS                                       (abs)        003A15
_RC6PPS                                       (abs)        003A16
_RD0I2C                                       (abs)        003A7A
_RD1I2C                                       (abs)        003A7B
_Read_Battery_Voltage                         text19       00DF68
_Read_Calibrated_Sensors                      text18       00DB26
_Right_Turn                                   text17       00E170
_SLRCONA                                      (abs)        003A43
_SLRCONB                                      (abs)        003A53
_SLRCONC                                      (abs)        003A63
_SLRCOND                                      (abs)        003A73
_SLRCONE                                      (abs)        003A83
_SYSTEM_Initialize                            text13       00DB8A
_Stop                                         text11       00DB30
_T0CKIPPS                                     (abs)        003AC3
_T0CON0                                       (abs)        003FB8
_T0CON0bits                                   (abs)        003FB8
_T0CON1                                       (abs)        003FB9
_T2CLKCON                                     (abs)        003FAE
_T2CON                                        (abs)        003FAC
_T2CONbits                                    (abs)        003FAC
_T2HLT                                        (abs)        003FAD
_T2HLTbits                                    (abs)        003FAD
_T2INPPS                                      (abs)        003ACA
_T2PR                                         (abs)        003FAB
_T2RST                                        (abs)        003FAF
_T2RSTbits                                    (abs)        003FAF
_T2TMR                                        (abs)        003FAA
_TMR0H                                        (abs)        003FB7
_TMR0L                                        (abs)        003FB6
_TMR0_HasOverflowOccured                      text10       00DBDA
_TMR0_Initialize                              text48       00DBAE
_TMR0_Read16BitTimer                          text47       00DC94
_TMR0_StartTimer                              text46       00DB28
_TMR0_StopTimer                               text45       00DB2C
_TMR0_Write16BitTimer                         text44       00DB7E
_TMR2                                         (abs)        003FAA
_TRISA                                        (abs)        003FC2
_TRISB                                        (abs)        003FC3
_TRISBbits                                    (abs)        003FC3
_TRISC                                        (abs)        003FC4
_TRISD                                        (abs)        003FC5
_TRISE                                        (abs)        003FC6
_Turn_PD_ON                                   text9        00E522
_U1BRGH                                       (abs)        003DF6
_U1BRGL                                       (abs)        003DF5
_U1CON0                                       (abs)        003DF2
_U1CON0bits                                   (abs)        003DF2
_U1CON1                                       (abs)        003DF3
_U1CON2                                       (abs)        003DF4
_U1ERRIE                                      (abs)        003DFA
_U1ERRIR                                      (abs)        003DF9
_U1ERRIRbits                                  (abs)        003DF9
_U1FIFO                                       (abs)        003DF7
_U1P1H                                        (abs)        003DED
_U1P1L                                        (abs)        003DEC
_U1P2H                                        (abs)        003DEF
_U1P2L                                        (abs)        003DEE
_U1P3H                                        (abs)        003DF1
_U1P3L                                        (abs)        003DF0
_U1RXB                                        (abs)        003DE8
_U1RXPPS                                      (abs)        003AE5
_U1TXB                                        (abs)        003DEA
_U1UIR                                        (abs)        003DF8
_U2BRGH                                       (abs)        003DDE
_U2BRGL                                       (abs)        003DDD
_U2CON0                                       (abs)        003DDA
_U2CON0bits                                   (abs)        003DDA
_U2CON1                                       (abs)        003DDB
_U2CON2                                       (abs)        003DDC
_U2ERRIE                                      (abs)        003DE2
_U2ERRIR                                      (abs)        003DE1
_U2ERRIRbits                                  (abs)        003DE1
_U2FIFO                                       (abs)        003DDF
_U2P1L                                        (abs)        003DD4
_U2P2L                                        (abs)        003DD6
_U2P3L                                        (abs)        003DD8
_U2RXB                                        (abs)        003DD0
_U2RXPPS                                      (abs)        003AE8
_U2TXB                                        (abs)        003DD2
_U2UIR                                        (abs)        003DE0
_UART1_DefaultErrorHandler                    text61       00DB1A
_UART1_DefaultFramingErrorHandler             text60       00DB1C
_UART1_DefaultOverrunErrorHandler             text59       00DB1E
_UART1_ErrorHandler                           nvCOMRAM     00005A
_UART1_FramingErrorHandler                    nvCOMRAM     00005E
_UART1_Initialize                             text5        00E02E
_UART1_OverrunErrorHandler                    nvCOMRAM     00005C
_UART1_Read                                   text58       00E3F0
_UART1_SetErrorHandler                        text8        00DB42
_UART1_SetFramingErrorHandler                 text7        00DB4C
_UART1_SetOverrunErrorHandler                 text6        00DB56
_UART1_Write                                  text57       00DC08
_UART1_is_rx_ready                            text56       00DB98
_UART1_is_tx_ready                            text55       00DCDA
_UART1_is_tx_ready$664                        cstackCOMRAM 000001
_UART2_DefaultErrorHandler                    text29       00DB20
_UART2_DefaultFramingErrorHandler             text28       00DB22
_UART2_DefaultOverrunErrorHandler             text27       00DB24
_UART2_ErrorHandler                           nvBANK0      0000A2
_UART2_FramingErrorHandler                    nvBANK0      0000A6
_UART2_Initialize                             text1        00DF0C
_UART2_OverrunErrorHandler                    nvBANK0      0000A4
_UART2_Read                                   text26       00E486
_UART2_SetErrorHandler                        text4        00DB60
_UART2_SetFramingErrorHandler                 text3        00DB6A
_UART2_SetOverrunErrorHandler                 text2        00DB74
_UART2_Write                                  text38       00DC22
_UART2_is_rx_ready                            text25       00DBC4
_UART2_is_tx_ready                            text24       00DD06
_UART2_is_tx_ready$1035                       cstackCOMRAM 000001
_WPUA                                         (abs)        003A41
_WPUB                                         (abs)        003A51
_WPUC                                         (abs)        003A61
_WPUD                                         (abs)        003A71
_WPUE                                         (abs)        003A81
__HRAM                                        (abs)        000000
__H__absolute__                               __absolute__ 000000
__Habs1                                       abs1         000000
__Hbank0                                      bank0        000000
__Hbank1                                      bank1        000000
__Hbank10                                     bank10       000000
__Hbank11                                     bank11       000000
__Hbank12                                     bank12       000000
__Hbank13                                     bank13       000000
__Hbank14                                     bank14       000000
__Hbank15                                     bank15       000000
__Hbank2                                      bank2        000000
__Hbank3                                      bank3        000000
__Hbank4                                      bank4        000000
__Hbank5                                      bank5        000000
__Hbank6                                      bank6        000000
__Hbank7                                      bank7        000000
__Hbank8                                      bank8        000000
__Hbank9                                      bank9        000000
__Hbigbss                                     bigbss       000000
__Hbigdata                                    bigdata      000000
__Hbigram                                     bigram       000000
__Hbigsfr                                     bigsfr       000000
__Hbss                                        bss          000000
__HbssBANK0                                   bssBANK0     000000
__HbssCOMRAM                                  bssCOMRAM    000000
__Hcinit                                      cinit        000000
__Hclrtext                                    clrtext      000000
__Hcomram                                     comram       000000
__Hconfig                                     config       30000A
__Hconst                                      const        000000
__HcstackBANK0                                cstackBANK0  000000
__HcstackCOMRAM                               cstackCOMRAM 000000
__Hdata                                       data         000000
__Heeprom_data                                eeprom_data  000000
__Hfarbss                                     farbss       000000
__Hfardata                                    fardata      000000
__Hheap                                       heap         000000
__Hibigdata                                   ibigdata     000000
__Hidata                                      idata        000000
__Hidloc                                      idloc        000000
__Hifardata                                   ifardata     000000
__Hinit                                       init         010000
__Hintsave_regs                               intsave_regs 000000
__Hirdata                                     irdata       000000
__Hmediumconst                                mediumconst  00FFFC
__HnvBANK0                                    nvBANK0      000000
__HnvCOMRAM                                   nvCOMRAM     000000
__HnvFARRAM                                   nvFARRAM     000000
__Hnvbit                                      nvbit        000000
__Hnvrram                                     nvrram       000000
__Hparam                                      rparam       000000
__Hpowerup                                    powerup      000000
__Hram                                        ram          000000
__Hramtop                                     ramtop       001000
__Hrbit                                       rbit         000000
__Hrbss                                       rbss         000000
__Hrdata                                      rdata        000000
__Hreset_vec                                  reset_vec    000004
__Hrparam                                     rparam       000000
__Hsfr                                        sfr          000000
__Hsmallconst                                 smallconst   000000
__Hspace_0                                    (abs)        010000
__Hspace_1                                    (abs)        0000A8
__Hspace_2                                    (abs)        000000
__Hspace_4                                    (abs)        60000A
__Hstack                                      stack        000000
__Hstruct                                     struct       000000
__Htemp                                       temp         000000
__Htext                                       text         000000
__Htext0                                      text0        000000
__Htext1                                      text1        000000
__Htext10                                     text10       000000
__Htext11                                     text11       000000
__Htext12                                     text12       000000
__Htext13                                     text13       000000
__Htext14                                     text14       000000
__Htext15                                     text15       000000
__Htext16                                     text16       000000
__Htext17                                     text17       000000
__Htext18                                     text18       000000
__Htext19                                     text19       000000
__Htext2                                      text2        000000
__Htext20                                     text20       000000
__Htext21                                     text21       000000
__Htext22                                     text22       000000
__Htext23                                     text23       000000
__Htext24                                     text24       000000
__Htext25                                     text25       000000
__Htext26                                     text26       000000
__Htext27                                     text27       000000
__Htext28                                     text28       000000
__Htext29                                     text29       000000
__Htext3                                      text3        000000
__Htext30                                     text30       000000
__Htext31                                     text31       000000
__Htext32                                     text32       000000
__Htext33                                     text33       000000
__Htext34                                     text34       000000
__Htext35                                     text35       000000
__Htext36                                     text36       000000
__Htext37                                     text37       000000
__Htext38                                     text38       000000
__Htext39                                     text39       000000
__Htext4                                      text4        000000
__Htext40                                     text40       000000
__Htext41                                     text41       000000
__Htext42                                     text42       000000
__Htext43                                     text43       000000
__Htext44                                     text44       000000
__Htext45                                     text45       000000
__Htext46                                     text46       000000
__Htext47                                     text47       000000
__Htext48                                     text48       000000
__Htext49                                     text49       000000
__Htext5                                      text5        000000
__Htext50                                     text50       000000
__Htext51                                     text51       000000
__Htext52                                     text52       000000
__Htext53                                     text53       000000
__Htext54                                     text54       000000
__Htext55                                     text55       000000
__Htext56                                     text56       000000
__Htext57                                     text57       000000
__Htext58                                     text58       000000
__Htext59                                     text59       000000
__Htext6                                      text6        000000
__Htext60                                     text60       000000
__Htext61                                     text61       000000
__Htext62                                     text62       000000
__Htext7                                      text7        000000
__Htext8                                      text8        000000
__Htext9                                      text9        000000
__LRAM                                        (abs)        000001
__L__absolute__                               __absolute__ 000000
__Labs1                                       abs1         000000
__Lbank0                                      bank0        000000
__Lbank1                                      bank1        000000
__Lbank10                                     bank10       000000
__Lbank11                                     bank11       000000
__Lbank12                                     bank12       000000
__Lbank13                                     bank13       000000
__Lbank14                                     bank14       000000
__Lbank15                                     bank15       000000
__Lbank2                                      bank2        000000
__Lbank3                                      bank3        000000
__Lbank4                                      bank4        000000
__Lbank5                                      bank5        000000
__Lbank6                                      bank6        000000
__Lbank7                                      bank7        000000
__Lbank8                                      bank8        000000
__Lbank9                                      bank9        000000
__Lbigbss                                     bigbss       000000
__Lbigdata                                    bigdata      000000
__Lbigram                                     bigram       000000
__Lbigsfr                                     bigsfr       000000
__Lbss                                        bss          000000
__LbssBANK0                                   bssBANK0     000000
__LbssCOMRAM                                  bssCOMRAM    000000
__Lcinit                                      cinit        000000
__Lclrtext                                    clrtext      000000
__Lcomram                                     comram       000000
__Lconfig                                     config       000000
__Lconst                                      const        000000
__LcstackBANK0                                cstackBANK0  000000
__LcstackCOMRAM                               cstackCOMRAM 000000
__Ldata                                       data         000000
__Leeprom_data                                eeprom_data  000000
__Lfarbss                                     farbss       000000
__Lfardata                                    fardata      000000
__Lheap                                       heap         000000
__Libigdata                                   ibigdata     000000
__Lidata                                      idata        000000
__Lidloc                                      idloc        000000
__Lifardata                                   ifardata     000000
__Linit                                       init         00FFFC
__Lintsave_regs                               intsave_regs 000000
__Lirdata                                     irdata       000000
__Lmediumconst                                mediumconst  00FB14
__LnvBANK0                                    nvBANK0      000000
__LnvCOMRAM                                   nvCOMRAM     000000
__LnvFARRAM                                   nvFARRAM     000000
__Lnvbit                                      nvbit        000000
__Lnvrram                                     nvrram       000000
__Lparam                                      rparam       000000
__Lpowerup                                    powerup      000000
__Lram                                        ram          000000
__Lramtop                                     ramtop       001000
__Lrbit                                       rbit         000000
__Lrbss                                       rbss         000000
__Lrdata                                      rdata        000000
__Lreset_vec                                  reset_vec    000000
__Lrparam                                     rparam       000000
__Lsfr                                        sfr          000000
__Lsmallconst                                 smallconst   000000
__Lspace_0                                    (abs)        000000
__Lspace_1                                    (abs)        000000
__Lspace_2                                    (abs)        000000
__Lspace_4                                    (abs)        000000
__Lstack                                      stack        000000
__Lstruct                                     struct       000000
__Ltemp                                       temp         000000
__Ltext                                       text         000000
__Ltext0                                      text0        000000
__Ltext1                                      text1        000000
__Ltext10                                     text10       000000
__Ltext11                                     text11       000000
__Ltext12                                     text12       000000
__Ltext13                                     text13       000000
__Ltext14                                     text14       000000
__Ltext15                                     text15       000000
__Ltext16                                     text16       000000
__Ltext17                                     text17       000000
__Ltext18                                     text18       000000
__Ltext19                                     text19       000000
__Ltext2                                      text2        000000
__Ltext20                                     text20       000000
__Ltext21                                     text21       000000
__Ltext22                                     text22       000000
__Ltext23                                     text23       000000
__Ltext24                                     text24       000000
__Ltext25                                     text25       000000
__Ltext26                                     text26       000000
__Ltext27                                     text27       000000
__Ltext28                                     text28       000000
__Ltext29                                     text29       000000
__Ltext3                                      text3        000000
__Ltext30                                     text30       000000
__Ltext31                                     text31       000000
__Ltext32                                     text32       000000
__Ltext33                                     text33       000000
__Ltext34                                     text34       000000
__Ltext35                                     text35       000000
__Ltext36                                     text36       000000
__Ltext37                                     text37       000000
__Ltext38                                     text38       000000
__Ltext39                                     text39       000000
__Ltext4                                      text4        000000
__Ltext40                                     text40       000000
__Ltext41                                     text41       000000
__Ltext42                                     text42       000000
__Ltext43                                     text43       000000
__Ltext44                                     text44       000000
__Ltext45                                     text45       000000
__Ltext46                                     text46       000000
__Ltext47                                     text47       000000
__Ltext48                                     text48       000000
__Ltext49                                     text49       000000
__Ltext5                                      text5        000000
__Ltext50                                     text50       000000
__Ltext51                                     text51       000000
__Ltext52                                     text52       000000
__Ltext53                                     text53       000000
__Ltext54                                     text54       000000
__Ltext55                                     text55       000000
__Ltext56                                     text56       000000
__Ltext57                                     text57       000000
__Ltext58                                     text58       000000
__Ltext59                                     text59       000000
__Ltext6                                      text6        000000
__Ltext60                                     text60       000000
__Ltext61                                     text61       000000
__Ltext62                                     text62       000000
__Ltext7                                      text7        000000
__Ltext8                                      text8        000000
__Ltext9                                      text9        000000
__S0                                          (abs)        010000
__S1                                          (abs)        0000A8
__S4                                          (abs)        000000
__S5                                          (abs)        000000
___awdiv                                      text43       00E886
___awdiv@counter                              cstackCOMRAM 000005
___awdiv@dividend                             cstackCOMRAM 000001
___awdiv@divisor                              cstackCOMRAM 000003
___awdiv@quotient                             cstackCOMRAM 000007
___awdiv@sign                                 cstackCOMRAM 000006
___awmod                                      text42       00E660
___awmod@counter                              cstackCOMRAM 000005
___awmod@dividend                             cstackCOMRAM 000001
___awmod@divisor                              cstackCOMRAM 000003
___awmod@sign                                 cstackCOMRAM 000006
___heap_hi                                    (abs)        000000
___heap_lo                                    (abs)        000000
___inthi_sp                                   stack        000000
___inthi_stack_hi                             stack        000000
___inthi_stack_lo                             stack        000000
___intlo_sp                                   stack        000000
___intlo_stack_hi                             stack        000000
___intlo_stack_lo                             stack        000000
___lwdiv                                      text41       00E1DE
___lwdiv@counter                              cstackCOMRAM 000007
___lwdiv@dividend                             cstackCOMRAM 000001
___lwdiv@divisor                              cstackCOMRAM 000003
___lwdiv@quotient                             cstackCOMRAM 000005
___lwmod                                      text40       00DFCA
___lwmod@counter                              cstackCOMRAM 000005
___lwmod@dividend                             cstackCOMRAM 000001
___lwmod@divisor                              cstackCOMRAM 000003
___param_bank                                 (abs)        000000
___rparam_used                                (abs)        000001
___sp                                         stack        000000
___stack_hi                                   stack        000000
___stack_lo                                   stack        000000
__accesstop                                   (abs)        000060
__activetblptr                                (abs)        000003
__end_of_Auto_Calibrate                       text54       00DEB0
__end_of_Backward                             text53       00E102
__end_of_Calibrate_Sensors                    text52       00E7C6
__end_of_Countdown                            text32       00EC98
__end_of_Diagnostic_Menu                      text30       00EB38
__end_of_Forward                              text12       00E2DA
__end_of_Get_Key                              text23       00E3F0
__end_of_Get_Number                           text22       00E364
__end_of_LCD_Clear                            text51       00DC58
__end_of_LCD_Position                         text50       00DE02
__end_of_LCD_Print                            text49       00E660
__end_of_LCD_PrintCharacter                   text21       00DE54
__end_of_Left_Turn                            text20       00E170
__end_of_OSCILLATOR_Initialize                text16       00DC08
__end_of_PIN_MANAGER_Initialize               text15       00EA16
__end_of_PMD_Initialize                       text14       00DCDA
__end_of_Read_Battery_Voltage                 text19       00DFCA
__end_of_Read_Calibrated_Sensors              text18       00DB28
__end_of_Right_Turn                           text17       00E1DE
__end_of_SYSTEM_Initialize                    text13       00DB98
__end_of_Stop                                 text11       00DB38
__end_of_TMR0_HasOverflowOccured              text10       00DBF0
__end_of_TMR0_Initialize                      text48       00DBC4
__end_of_TMR0_Read16BitTimer                  text47       00DCB6
__end_of_TMR0_StartTimer                      text46       00DB2C
__end_of_TMR0_StopTimer                       text45       00DB30
__end_of_TMR0_Write16BitTimer                 text44       00DB8A
__end_of_Turn_PD_ON                           text9        00E5C0
__end_of_UART1_DefaultErrorHandler            text61       00DB1C
__end_of_UART1_DefaultFramingErrorHandler     text60       00DB1E
__end_of_UART1_DefaultOverrunErrorHandler     text59       00DB20
__end_of_UART1_Initialize                     text5        00E096
__end_of_UART1_Read                           text58       00E486
__end_of_UART1_SetErrorHandler                text8        00DB4C
__end_of_UART1_SetFramingErrorHandler         text7        00DB56
__end_of_UART1_SetOverrunErrorHandler         text6        00DB60
__end_of_UART1_Write                          text57       00DC22
__end_of_UART1_is_rx_ready                    text56       00DBAE
__end_of_UART1_is_tx_ready                    text55       00DD06
__end_of_UART2_DefaultErrorHandler            text29       00DB22
__end_of_UART2_DefaultFramingErrorHandler     text28       00DB24
__end_of_UART2_DefaultOverrunErrorHandler     text27       00DB26
__end_of_UART2_Initialize                     text1        00DF68
__end_of_UART2_Read                           text26       00E522
__end_of_UART2_SetErrorHandler                text4        00DB6A
__end_of_UART2_SetFramingErrorHandler         text3        00DB74
__end_of_UART2_SetOverrunErrorHandler         text2        00DB7E
__end_of_UART2_Write                          text38       00DC3C
__end_of_UART2_is_rx_ready                    text25       00DBDA
__end_of_UART2_is_tx_ready                    text24       00DD32
__end_of___awdiv                              text43       00E94A
__end_of___awmod                              text42       00E710
__end_of___lwdiv                              text41       00E252
__end_of___lwmod                              text40       00E02E
__end_of__initialization                      cinit        00DC8E
__end_of_abs                                  text39       00DD66
__end_of_fputc                                text36       00E886
__end_of_main                                 text0        00FB14
__end_of_printf                               text31       00DC76
__end_of_putch                                text37       00DB42
__end_of_sprintf                              text33       00DDB0
__end_of_vfpfcnvrt                            text35       00EFFE
__end_of_vfprintf                             text34       00DF0C
__initialization                              cinit        00DC76
__mediumconst                                 mediumconst  00FB14
__pbssBANK0                                   bssBANK0     000060
__pbssCOMRAM                                  bssCOMRAM    000051
__pcinit                                      cinit        00DC76
__pcstackBANK0                                cstackBANK0  00008A
__pcstackCOMRAM                               cstackCOMRAM 000001
__pmediumconst                                mediumconst  00FB14
__pnvBANK0                                    nvBANK0      0000A2
__pnvCOMRAM                                   nvCOMRAM     00005A
__ptext0                                      text0        00EFFE
__ptext1                                      text1        00DF0C
__ptext10                                     text10       00DBDA
__ptext11                                     text11       00DB30
__ptext12                                     text12       00E252
__ptext13                                     text13       00DB8A
__ptext14                                     text14       00DCB6
__ptext15                                     text15       00E94A
__ptext16                                     text16       00DBF0
__ptext17                                     text17       00E170
__ptext18                                     text18       00DB26
__ptext19                                     text19       00DF68
__ptext2                                      text2        00DB74
__ptext20                                     text20       00E102
__ptext21                                     text21       00DE02
__ptext22                                     text22       00E2DA
__ptext23                                     text23       00E364
__ptext24                                     text24       00DD06
__ptext25                                     text25       00DBC4
__ptext26                                     text26       00E486
__ptext27                                     text27       00DB24
__ptext28                                     text28       00DB22
__ptext29                                     text29       00DB20
__ptext3                                      text3        00DB6A
__ptext30                                     text30       00EA16
__ptext31                                     text31       00DC58
__ptext32                                     text32       00EB38
__ptext33                                     text33       00DD66
__ptext34                                     text34       00DEB0
__ptext35                                     text35       00EC98
__ptext36                                     text36       00E7C6
__ptext37                                     text37       00DB38
__ptext38                                     text38       00DC22
__ptext39                                     text39       00DD32
__ptext4                                      text4        00DB60
__ptext40                                     text40       00DFCA
__ptext41                                     text41       00E1DE
__ptext42                                     text42       00E660
__ptext43                                     text43       00E886
__ptext44                                     text44       00DB7E
__ptext45                                     text45       00DB2C
__ptext46                                     text46       00DB28
__ptext47                                     text47       00DC94
__ptext48                                     text48       00DBAE
__ptext49                                     text49       00E5C0
__ptext5                                      text5        00E02E
__ptext50                                     text50       00DDB0
__ptext51                                     text51       00DC3C
__ptext52                                     text52       00E710
__ptext53                                     text53       00E096
__ptext54                                     text54       00DE54
__ptext55                                     text55       00DCDA
__ptext56                                     text56       00DB98
__ptext57                                     text57       00DC08
__ptext58                                     text58       00E3F0
__ptext59                                     text59       00DB1E
__ptext6                                      text6        00DB56
__ptext60                                     text60       00DB1C
__ptext61                                     text61       00DB1A
__ptext62                                     text62       000000
__ptext7                                      text7        00DB4C
__ptext8                                      text8        00DB42
__ptext9                                      text9        00E522
__ramtop                                      ramtop       001000
__smallconst                                  smallconst   000000
_abs                                          text39       00DD32
_dbuf                                         bssBANK0     000060
_flags                                        bssCOMRAM    000057
_fputc                                        text36       00E7C6
_main                                         text0        00EFFE
_nout                                         bssCOMRAM    000051
_prec                                         bssCOMRAM    000055
_printf                                       text31       00DC58
_putch                                        text37       00DB38
_sprintf                                      text33       00DD66
_uart1RxLastError                             bssCOMRAM    000059
_uart2RxLastError                             bssCOMRAM    000058
_vfpfcnvrt                                    text35       00EC98
_vfprintf                                     text34       00DEB0
_width                                        bssCOMRAM    000053
abs@a                                         cstackCOMRAM 000007
end_of_initialization                         cinit        00DC8E
fputc@c                                       cstackCOMRAM 000003
fputc@fp                                      cstackCOMRAM 000005
intlevel0                                     text         000000
intlevel1                                     text         000000
intlevel2                                     text         000000
intlevel3                                     text         000000
isa$std                                       (abs)        000001
isa$xinst                                     (abs)        000000
main@any                                      cstackBANK0  00008A
main@battery                                  cstackBANK0  000099
main@black                                    cstackBANK0  00008D
main@differential                             cstackBANK0  000098
main@i                                        cstackBANK0  0000A1
main@input                                    cstackBANK0  000097
main@key                                      cstackBANK0  00008B
main@length                                   cstackBANK0  00009F
main@msg                                      cstackBANK0  00008E
main@sensor                                   cstackBANK0  00009B
main@sensor_value                             cstackBANK0  0000A0
main@speed                                    cstackBANK0  00009E
main@sum                                      cstackBANK0  00009C
main@white                                    cstackBANK0  00008C
printf@ap                                     cstackCOMRAM 000029
printf@fmt                                    cstackCOMRAM 000023
putch@txData                                  cstackCOMRAM 000002
sprintf@ap                                    cstackCOMRAM 00002C
sprintf@f                                     cstackCOMRAM 00002D
sprintf@fmt                                   cstackCOMRAM 000024
sprintf@ret                                   cstackCOMRAM 00002A
sprintf@s                                     cstackCOMRAM 000023
stackhi                                       (abs)        000000
stacklo                                       (abs)        000000
start                                         init         00FFFC
start_initialization                          cinit        00DC76
vfpfcnvrt@ap                                  cstackCOMRAM 00000F
vfpfcnvrt@c                                   cstackCOMRAM 00001B
vfpfcnvrt@cnt                                 cstackCOMRAM 000013
vfpfcnvrt@convarg                             cstackCOMRAM 000017
vfpfcnvrt@cp                                  cstackCOMRAM 000015
vfpfcnvrt@done                                cstackCOMRAM 000012
vfpfcnvrt@fmt                                 cstackCOMRAM 00000E
vfpfcnvrt@fp                                  cstackCOMRAM 00000C
vfprintf@ap                                   cstackCOMRAM 000020
vfprintf@cfmt                                 cstackCOMRAM 000021
vfprintf@fmt                                  cstackCOMRAM 00001E
vfprintf@fp                                   cstackCOMRAM 00001C


MODULE INFORMATION

Module		Function		Class		Link	Load	Size
robotmain.c
		_Get_Key       		CODE           	E364	0000	140
		_main          		CODE           	EFFE	0000	2838
		_Countdown     		CODE           	EB38	0000	352
		_Get_Number    		CODE           	E2DA	0000	138
		_Diagnostic_Menu		CODE           	EA16	0000	290

robotmain.c estimated size: 3758

uart2.c
		_UART2_is_rx_ready		CODE           	DBC4	0000	22
		_UART2_is_tx_ready		CODE           	DD06	0000	44
		_UART2_DefaultErrorHandler		CODE           	DB20	0000	2
		_UART2_DefaultOverrunErrorHandler		CODE           	DB24	0000	2
		_putch         		CODE           	DB38	0000	10
		_UART2_Write   		CODE           	DC22	0000	26
		_UART2_SetFramingErrorHandler		CODE           	DB6A	0000	10
		_UART2_SetOverrunErrorHandler		CODE           	DB74	0000	10
		_UART2_Initialize		CODE           	DF0C	0000	92
		_UART2_SetErrorHandler		CODE           	DB60	0000	10
		_UART2_Read    		CODE           	E486	0000	156
		_UART2_DefaultFramingErrorHandler		CODE           	DB22	0000	2

uart2.c estimated size: 386

initialize.c
		_PMD_Initialize		CODE           	DCB6	0000	36
		_OSCILLATOR_Initialize		CODE           	DBF0	0000	24
		_SYSTEM_Initialize		CODE           	DB8A	0000	14

initialize.c estimated size: 74

pololu_robot.c
		_Right_Turn    		CODE           	E170	0000	110
		_Forward       		CODE           	E252	0000	136
		_Left_Turn     		CODE           	E102	0000	110
		_Read_Calibrated_Sensors		CODE           	DB26	0000	2
		_Auto_Calibrate		CODE           	DE54	0000	92
		_Read_Battery_Voltage		CODE           	DF68	0000	98
		_LCD_PrintCharacter		CODE           	DE02	0000	82
		_Turn_PD_ON    		CODE           	E522	0000	158
		_LCD_Position  		CODE           	DDB0	0000	82
		_LCD_Clear     		CODE           	DC3C	0000	28
		_Backward      		CODE           	E096	0000	108
		_LCD_Print     		CODE           	E5C0	0000	160
		_Calibrate_Sensors		CODE           	E710	0000	182
		_Stop          		CODE           	DB30	0000	8

pololu_robot.c estimated size: 1356

C:\Program Files\Microchip\xc8\v2.45\pic\sources\c99\common\printf.c
		_printf        		CODE           	DC58	0000	30

C:\Program Files\Microchip\xc8\v2.45\pic\sources\c99\common\printf.c estimated size: 30

C:\Program Files\Microchip\xc8\v2.45\pic\sources\c99\common\nf_sprintf.c
		_sprintf       		CODE           	DD66	0000	74

C:\Program Files\Microchip\xc8\v2.45\pic\sources\c99\common\nf_sprintf.c estimated size: 74

C:\Program Files\Microchip\xc8\v2.45\pic\sources\c99\common\lwmod.c
		___lwmod       		CODE           	DFCA	0000	100

C:\Program Files\Microchip\xc8\v2.45\pic\sources\c99\common\lwmod.c estimated size: 100

C:\Program Files\Microchip\xc8\v2.45\pic\sources\c99\common\awmod.c
		___awmod       		CODE           	E660	0000	176

C:\Program Files\Microchip\xc8\v2.45\pic\sources\c99\common\awmod.c estimated size: 176

tmr0.c
		_TMR0_StopTimer		CODE           	DB2C	0000	4
		_TMR0_StartTimer		CODE           	DB28	0000	4
		_TMR0_Write16BitTimer		CODE           	DB7E	0000	12
		_TMR0_Read16BitTimer		CODE           	DC94	0000	34
		_TMR0_HasOverflowOccured		CODE           	DBDA	0000	22
		_TMR0_Initialize		CODE           	DBAE	0000	22

tmr0.c estimated size: 98

shared
		__initialization		CODE           	DC76	0000	24

shared estimated size: 24

C:\Program Files\Microchip\xc8\v2.45\pic\sources\c99\common\abs.c
		_abs           		CODE           	DD32	0000	52

C:\Program Files\Microchip\xc8\v2.45\pic\sources\c99\common\abs.c estimated size: 52

uart1.c
		_UART1_Write   		CODE           	DC08	0000	26
		_UART1_SetFramingErrorHandler		CODE           	DB4C	0000	10
		_UART1_SetOverrunErrorHandler		CODE           	DB56	0000	10
		_UART1_Initialize		CODE           	E02E	0000	104
		_UART1_SetErrorHandler		CODE           	DB42	0000	10
		_UART1_Read    		CODE           	E3F0	0000	150
		_UART1_DefaultFramingErrorHandler		CODE           	DB1C	0000	2
		_UART1_is_rx_ready		CODE           	DB98	0000	22
		_UART1_is_tx_ready		CODE           	DCDA	0000	44
		_UART1_DefaultErrorHandler		CODE           	DB1A	0000	2
		_UART1_DefaultOverrunErrorHandler		CODE           	DB1E	0000	2

uart1.c estimated size: 382

pin_manager.c
		_PIN_MANAGER_Initialize		CODE           	E94A	0000	204

pin_manager.c estimated size: 204

C:\Program Files\Microchip\xc8\v2.45\pic\sources\c99\common\nf_fputc.c
		_fputc         		CODE           	E7C6	0000	192

C:\Program Files\Microchip\xc8\v2.45\pic\sources\c99\common\nf_fputc.c estimated size: 192

C:\Program Files\Microchip\xc8\v2.45\pic\sources\c99\common\doprnt.c
		_vfpfcnvrt     		CODE           	EC98	0000	870
		_vfprintf      		CODE           	DEB0	0000	92

C:\Program Files\Microchip\xc8\v2.45\pic\sources\c99\common\doprnt.c estimated size: 962

C:\Program Files\Microchip\xc8\v2.45\pic\sources\c99\common\lwdiv.c
		___lwdiv       		CODE           	E1DE	0000	116

C:\Program Files\Microchip\xc8\v2.45\pic\sources\c99\common\lwdiv.c estimated size: 116

C:\Program Files\Microchip\xc8\v2.45\pic\sources\c99\common\awdiv.c
		___awdiv       		CODE           	E886	0000	196

C:\Program Files\Microchip\xc8\v2.45\pic\sources\c99\common\awdiv.c estimated size: 196

